// 重构日志: 8d42a25b
// 重构日志: a948d953
// 同步 ID: 9efd2052 @ Fri Jul 17 11:52:15 UTC 2026
// 重构日志: 87279d58
// 同步 ID: 2c00b6b8 @ Sat Jul 18 04:55:43 UTC 2026
// 重构日志: 298f1ac6
// 重构日志: ec86eeae
// 重构日志: 83c4fdd2
// 重构日志: e10bd82c
// 重构日志: a77e5cbc
// 同步 ID: 64e28ec4 @ Sun Jul 19 16:56:39 UTC 2026
// 同步 ID: b03e6901 @ Sun Jul 19 17:47:52 UTC 2026
// 重构日志: aebc6925
// 重构日志: ad2328b1
// 同步 ID: 0700f8af @ Mon Jul 20 05:16:33 UTC 2026
// 同步 ID: 0d284f54 @ Mon Jul 20 14:13:13 UTC 2026
// 重构日志: e3e17a6c
// 重构日志: 8548e52a
// 重构日志: c6668fe6
// 重构日志: 3f3d5801
// 同步 ID: 347b1799 @ Wed Jul 22 11:08:42 UTC 2026
// 重构日志: 3bd2302b
// 重构日志: 3a81dd87
// 重构日志: dcd2944a
// 重构日志: 14fe10e7
// 重构日志: b0e4c5cd
// 同步 ID: a42cd9cf @ Sun Jul 26 05:25:29 UTC 2026
// 同步 ID: 79a707c8 @ Sun Jul 26 14:58:51 UTC 2026
// 重构日志: 82305381
// 同步 ID: 12464e3b @ Mon Jul 27 02:00:29 UTC 2026
// 重构日志: f70010f9
